******************************************************************************
                  TI ARM Linker PC v20.2.7                     
******************************************************************************
>> Linked Tue Nov  8 19:54:38 2022

OUTPUT FILE NAME:   <HVAC_UN_HILO_ORG.out>
ENTRY POINT SYMBOL: "_c_int00"  address: 00004229


MEMORY CONFIGURATION

         name            origin    length      used     unused   attr    fill
----------------------  --------  ---------  --------  --------  ----  --------
  MAIN                  00000000   00040000  00006742  000398be  R  X
  INFO                  00200000   00004000  00000000  00004000  R  X
  SRAM_CODE             01000000   00010000  00004e1e  0000b1e2  RW X
  SRAM_DATA             20000000   00010000  00004e1e  0000b1e2  RW  


SEGMENT ALLOCATION MAP

run origin  load origin   length   init length attrs members
----------  ----------- ---------- ----------- ----- -------
00000000    00000000    00006748   00006748    r-x
  00000000    00000000    0000003c   0000003c    r-- .resetVecs
  00000040    00000040    00006032   00006032    r-x .text
  00006074    00006074    000004fc   000004fc    r-- .const
  00006570    00006570    000001d8   000001d8    r-- .cinit
20000140    20000140    000007f8   00000000    rw-
  20000140    20000140    00000486   00000000    rw- .data
  200005c8    200005c8    00000370   00000000    rw- .bss
20001000    20001000    000000e8   00000000    rw-
  20001000    20001000    000000e8   00000000    rw- .vtable
200010e8    200010e8    00004000   00000000    r--
  200010e8    200010e8    00004000   00000000    r-- .priheap
2000fc00    2000fc00    00000400   00000000    rw-
  2000fc00    2000fc00    00000400   00000000    rw- .stack


SECTION ALLOCATION MAP

 output                                  attributes/
section   page    origin      length       input sections
--------  ----  ----------  ----------   ----------------
.text      0    00000040    00006032     
                  00000040    00000a4e     rtsv7M4_T_le_v4SPD16_eabi.lib : _printfi.c.obj (.text:__TI_printfi)
                  00000a8e    0000028a     msp432p4xx_driverlib.lib : pcm.o (.text:__PCM_setPowerStateAdvanced)
                  00000d18    00000270     rtsv7M4_T_le_v4SPD16_eabi.lib : _printfi.c.obj (.text:_pconv_a)
                  00000f88    000001d0                                   : _printfi.c.obj (.text:_pconv_g)
                  00001158    000001b8     HVAC_IO.obj (.text:HVAC_PrintState)
                  00001310    000001b6     rtsv7M4_T_le_v4SPD16_eabi.lib : fd_add_t2.asm.obj (.text)
                  000014c6    00000002     system_msp432p401r.obj (.text:Power_idleFunc)
                  000014c8    00000188     HVAC_IO.obj (.text:secuencia)
                  00001650    0000015c     msp432p4xx_driverlib.lib : pcm.o (.text:__PCM_setPowerModeAdvanced)
                  000017ac    0000013c     rtsv7M4_T_le_v4SPD16_eabi.lib : _printfi.c.obj (.text:_pconv_e)
                  000018e8    00000136                                   : fd_div_t2.asm.obj (.text)
                  00001a1e    00000002                                   : _lock.c.obj (.text:_nop)
                  00001a20    00000130     sysbios.aem4f : BIOS.obj (.text:ti_sysbios_knl_Semaphore_pend__E)
                  00001b50    00000124     rtsv7M4_T_le_v4SPD16_eabi.lib : _printfi.c.obj (.text:fcvt)
                  00001c74    00000110                                   : s_scalbn.c.obj (.text:scalbn)
                  00001d84    00000108     msp432p4xx_driverlib.lib : pcm.o (.text:__PCM_setCoreVoltageLevelAdvanced)
                  00001e8c    00000004                              : cpu.o (.text:CPU_wfi)
                  00001e90    00000108     sysbios.aem4f : BIOS.obj (.text:ti_sysbios_knl_Task_postInit__I)
                  00001f98    00000108                   : BIOS.obj (.text:xdc_runtime_Startup_startMods__I)
                  000020a0    00000104                   : BIOS.obj (.text:ti_sysbios_knl_Task_Instance_finalize__E)
                  000021a4    00000100     HVAC_Thread.obj (.text:Delay_ms1)
                  000022a4    000000fc     rtsv7M4_T_le_v4SPD16_eabi.lib : fd_mul_t2.asm.obj (.text)
                  000023a0    000000f8     sysbios.aem4f : BIOS.obj (.text:ti_sysbios_family_arm_msp432_init_Boot_configureClocksHigh)
                  00002498    000000f0                   : BIOS.obj (.text:pthread_create)
                  00002588    000000f0                   : m3_Hwi_asm.obj (.text:ti_sysbios_family_arm_m3_Hwi_dispatch__I)
                  00002678    000000e0                   : BIOS.obj (.text:ti_sysbios_knl_Task_Instance_init__E)
                  00002758    000000d0                   : BIOS.obj (.text:ti_sysbios_heaps_HeapMem_alloc__E)
                  00002828    000000c8     system_msp432p401r.obj (.text:SystemInit)
                  000028f0    000000c4     HVAC_IO.obj (.text:HVAC_Heartbeat)
                  000029b4    000000bc     HVAC_IO.obj (.text:funcion_inicial)
                  00002a70    000000b1     rtsv7M4_T_le_v4SPD16_eabi.lib : _printfi.c.obj (.text:_ltostr)
                  00002b21    00000001     --HOLE-- [fill = 0]
                  00002b22    00000004     release_pem4f.oem4f (.text:ti_sysbios_family_arm_m3_TaskSupport_Module__startupDone__S)
                  00002b26    00000002     rtsv7M4_T_le_v4SPD16_eabi.lib : div0.asm.obj (.text)
                  00002b28    000000aa     sysbios.aem4f : BIOS.obj (.text:xdc_runtime_Core_createObject__I)
                  00002bd2    00000002     release_pem4f.oem4f (.text:ti_sysbios_BIOS_nullFunc__I)
                  00002bd4    00000004     --HOLE-- [fill = 0]
                  00002bd8    000000a8     sysbios.aem4f : BIOS.obj (.text:ti_sysbios_family_arm_msp432_Timer_periodicStub__E)
                  00002c80    000000a4     GPIO_MSP432.obj (.text:GPIO_init_board)
                  00002d24    00000004     --HOLE-- [fill = 0]
                  00002d28    000000a4     sysbios.aem4f : BIOS.obj (.text:ti_sysbios_knl_Task_setPri__E)
                  00002dcc    000000a0     auto_init.aem4f : auto_init.oem4f (.text)
                  00002e6c    0000009c     HVAC_IO.obj (.text:HVAC_InicialiceIO)
                  00002f08    0000009c     rtsv7M4_T_le_v4SPD16_eabi.lib : memcpy_t2.asm.obj (.text)
                  00002fa4    00000096                                   : ull_div_t2.asm.obj (.text)
                  0000303a    00000006     --HOLE-- [fill = 0]
                  00003040    00000094     sysbios.aem4f : BIOS.obj (.text:_pthread_removeThreadKeys)
                  000030d4    00000004     --HOLE-- [fill = 0]
                  000030d8    00000094                   : BIOS.obj (.text:ti_sysbios_family_arm_m3_Hwi_initNVIC__E)
                  0000316c    00000004     --HOLE-- [fill = 0]
                  00003170    00000094                   : BIOS.obj (.text:ti_sysbios_knl_Task_exit__E)
                  00003204    00000090     GPIO_MSP432.obj (.text:GPIO_setOutput)
                  00003294    00000004     --HOLE-- [fill = 0]
                  00003298    00000090     sysbios.aem4f : BIOS.obj (.text:ti_sysbios_knl_Task_Module_startup__E)
                  00003328    0000008c                   : m3_TaskSupport_asm.obj (.text:ti_sysbios_family_arm_m3_TaskSupport_buildTaskStack)
                  000033b4    00000004     --HOLE-- [fill = 0]
                  000033b8    0000008c                   : BIOS.obj (.text:xdc_runtime_Memory_alloc__E)
                  00003444    00000086     rtsv7M4_T_le_v4SPD16_eabi.lib : fd_cmp_t2.asm.obj (.text:__aeabi_cdcmple)
                  000034ca    00000086                                   : fd_cmp_t2.asm.obj (.text:__aeabi_cdrcmple)
                  00003550    00000086     sysbios.aem4f : BIOS.obj (.text:xdc_runtime_Core_constructObject__I)
                  000035d6    00000002     --HOLE-- [fill = 0]
                  000035d8    00000084     msp432p4xx_driverlib.lib : pcm.o (.text:PCM_gotoLPM3)
                  0000365c    00000004     --HOLE-- [fill = 0]
                  00003660    00000084     sysbios.aem4f : BIOS.obj (.text:ti_sysbios_family_arm_m3_Hwi_postInit__I)
                  000036e4    00000004     --HOLE-- [fill = 0]
                  000036e8    00000084                   : BIOS.obj (.text:ti_sysbios_heaps_HeapMem_free__E)
                  0000376c    00000080     INT_MSP432.obj (.text:Int_enableInterrupt)
                  000037ec    00000004     --HOLE-- [fill = 0]
                  000037f0    00000080     sysbios.aem4f : BIOS.obj (.text:ti_sysbios_knl_Clock_workFunc__E)
                  00003870    0000007a     rtsv7M4_T_le_v4SPD16_eabi.lib : memset_t2.asm.obj (.text)
                  000038ea    00000006     --HOLE-- [fill = 0]
                  000038f0    00000070     sysbios.aem4f : BIOS.obj (.text:ti_sysbios_heaps_HeapMem_initPrimary__I)
                  00003960    0000006e     rtsv7M4_T_le_v4SPD16_eabi.lib : _printfi.c.obj (.text:_mcpy)
                  000039ce    00000002     --HOLE-- [fill = 0]
                  000039d0    0000006c     sysbios.aem4f : BIOS.obj (.text:ti_sysbios_knl_Swi_restoreHwi__E)
                  00003a3c    00000068     UART_MSP432.obj (.text:UART_init)
                  00003aa4    00000068     rtsv7M4_T_le_v4SPD16_eabi.lib : copy_decompress_lzss.c.obj (.text:decompress:lzss:__TI_decompress_lzss)
                  00003b0c    00000004     --HOLE-- [fill = 0]
                  00003b10    00000066     sysbios.aem4f : BIOS.obj (.text:xdc_runtime_Core_deleteObject__I)
                  00003b76    00000002     --HOLE-- [fill = 0]
                  00003b78    00000064     rtsv7M4_T_le_v4SPD16_eabi.lib : s_frexp.c.obj (.text:frexp)
                  00003bdc    00000064     Threads.obj (.text:main)
                  00003c40    00000064     sysbios.aem4f : BIOS.obj (.text:pthread_exit)
                  00003ca4    00000004     --HOLE-- [fill = 0]
                  00003ca8    00000064                   : BIOS.obj (.text:ti_sysbios_family_arm_m3_Hwi_dispatchC__I)
                  00003d0c    00000004     --HOLE-- [fill = 0]
                  00003d10    00000060                   : BIOS.obj (.text:ti_sysbios_knl_Semaphore_post__E)
                  00003d70    00000060                   : BIOS.obj (.text:ti_sysbios_knl_Swi_run__I)
                  00003dd0    00000060     release_pem4f.oem4f (.text:ti_sysbios_knl_Task_create)
                  00003e30    0000005e     msp432p4xx_driverlib.lib : pcm.o (.text:PCM_getCoreVoltageLevel)
                  00003e8e    00000002     --HOLE-- [fill = 0]
                  00003e90    0000005c     INT_MSP432.obj (.text:Int_registerInterrupt)
                  00003eec    0000005c     HVAC_IO.obj (.text:O_C_P1)
                  00003f48    0000005c     HVAC_IO.obj (.text:O_C_P2)
                  00003fa4    00000004     --HOLE-- [fill = 0]
                  00003fa8    0000005c     sysbios.aem4f : BIOS.obj (.text:ti_sysbios_knl_Swi_schedule__I)
                  00004004    00000004     --HOLE-- [fill = 0]
                  00004008    0000005c                   : BIOS.obj (.text:ti_sysbios_knl_Task_startCore__E)
                  00004064    00000004     --HOLE-- [fill = 0]
                  00004068    0000005c                   : BIOS.obj (.text:xdc_runtime_Startup_exec__E)
                  000040c4    0000005a     msp432p4xx_driverlib.lib : pcm.o (.text:PCM_getPowerMode)
                  0000411e    00000002     --HOLE-- [fill = 0]
                  00004120    00000058     HVAC_IO.obj (.text:INT_SW2)
                  00004178    00000058     UART_MSP432.obj (.text:UART_clck_source)
                  000041d0    00000058     UART_MSP432.obj (.text:UART_set_baud_rate)
                  00004228    00000058     boot.aem4f : boot.oem4f (.text)
                  00004280    00000058     sysbios.aem4f : m3_Hwi_asm_switch.obj (.text:ti_sysbios_family_arm_m3_Hwi_initStacks__E)
                  000042d8    00000056     rtsv7M4_T_le_v4SPD16_eabi.lib : _printfi.c.obj (.text:_pconv_f)
                  0000432e    00000002     --HOLE-- [fill = 0]
                  00004330    00000054     msp432p4xx_driverlib.lib : pcm.o (.text:PCM_shutdownDevice)
                  00004384    00000054     rtsv7M4_T_le_v4SPD16_eabi.lib : _ltoa.c.obj (.text:__TI_ltoa)
                  000043d8    00000054     sysbios.aem4f : BIOS.obj (.text:ti_sysbios_family_arm_msp432_Timer_initDevice__I)
                  0000442c    00000052     rtsv7M4_T_le_v4SPD16_eabi.lib : _printfi.c.obj (.text:_ecpy)
                  0000447e    00000002     --HOLE-- [fill = 0]
                  00004480    00000050     sysbios.aem4f : BIOS.obj (.text:ti_sysbios_family_arm_m3_Hwi_Module_startup__E)
                  000044d0    0000004c     HVAC_IO.obj (.text:INT_SWI)
                  0000451c    0000004c     rtsv7M4_T_le_v4SPD16_eabi.lib : atoi.c.obj (.text:atoi)
                  00004568    0000004c                                   : cpy_tbl.c.obj (.text:copy_in)
                  000045b4    00000004     --HOLE-- [fill = 0]
                  000045b8    0000004c     sysbios.aem4f : BIOS.obj (.text:ti_sysbios_family_arm_msp432_Timer_postInit__I)
                  00004604    00000004     --HOLE-- [fill = 0]
                  00004608    0000004c                   : BIOS.obj (.text:ti_sysbios_family_arm_msp432_Timer_start__E)
                  00004654    00000004     --HOLE-- [fill = 0]
                  00004658    0000004c                   : BIOS.obj (.text:ti_sysbios_heaps_HeapMem_getStats__E)
                  000046a4    00000004     --HOLE-- [fill = 0]
                  000046a8    0000004c                   : BIOS.obj (.text:ti_sysbios_knl_Swi_runLoop__I)
                  000046f4    00000004     --HOLE-- [fill = 0]
                  000046f8    0000004c                   : BIOS.obj (.text:ti_sysbios_knl_Task_allBlockedFunction__I)
                  00004744    00000004     --HOLE-- [fill = 0]
                  00004748    0000004c                   : BIOS.obj (.text:ti_sysbios_knl_Task_schedule__I)
                  00004794    00000048     rtsv7M4_T_le_v4SPD16_eabi.lib : fd_toi_t2.asm.obj (.text)
                  000047dc    00000004     --HOLE-- [fill = 0]
                  000047e0    00000048     sysbios.aem4f : BIOS.obj (.text:ti_sysbios_family_arm_m3_Hwi_enableInterrupt__E)
                  00004828    00000048                   : BIOS.obj (.text:ti_sysbios_knl_Mailbox_Module_startup__E)
                  00004870    00000048                   : BIOS.obj (.text:xdc_runtime_Core_assignParams__I)
                  000048b8    00000044                   : BIOS.obj (.text:ti_sysbios_family_arm_m3_Hwi_getStackInfo__E)
                  000048fc    00000004     --HOLE-- [fill = 0]
                  00004900    00000044                   : BIOS.obj (.text:ti_sysbios_knl_Swi_post__E)
                  00004944    00000040     HVAC_IO.obj (.text:HVAC_InicialiceADC)
                  00004984    00000040     rtsv7M4_T_le_v4SPD16_eabi.lib : sprintf.c.obj (.text:sprintf)
                  000049c4    00000004     --HOLE-- [fill = 0]
                  000049c8    00000040     sysbios.aem4f : BIOS.obj (.text:ti_sysbios_family_arm_msp432_Timer_Module_startup__E)
                  00004a08    00000040                   : BIOS.obj (.text:ti_sysbios_family_arm_msp432_Timer_startup__E)
                  00004a48    00000040     release_pem4f.oem4f (.text:ti_sysbios_gates_GateHwi_Object__create__S)
                  00004a88    00000040     release_pem4f.oem4f (.text:ti_sysbios_gates_GateMutex_Object__create__S)
                  00004ac8    00000040     sysbios.aem4f : BIOS.obj (.text:ti_sysbios_heaps_HeapMem_Instance_init__E)
                  00004b08    00000040     release_pem4f.oem4f (.text:ti_sysbios_heaps_HeapMem_Object__create__S)
                  00004b48    0000003e     rtsv7M4_T_le_v4SPD16_eabi.lib : _printfi.c.obj (.text:_fcpy)
                  00004b86    00000002     --HOLE-- [fill = 0]
                  00004b88    0000003c     ADC_MSP432.obj (.text:ADC_Initialize)
                  00004bc4    0000003c     GPIO_MSP432.obj (.text:GPIO_interruptEdgeSelect)
                  00004c00    0000003c     HVAC_Thread.obj (.text:HVAC_Thread)
                  00004c3c    00000004     --HOLE-- [fill = 0]
                  00004c40    0000003c     sysbios.aem4f : BIOS.obj (.text:ti_sysbios_family_arm_msp432_Seconds_Module_startup__E)
                  00004c7c    00000004     --HOLE-- [fill = 0]
                  00004c80    0000003c                   : BIOS.obj (.text:ti_sysbios_knl_Swi_restore__E)
                  00004cbc    00000038     release_pem4f.oem4f (.text:ti_sysbios_knl_Clock_doTick__I)
                  00004cf4    00000004     --HOLE-- [fill = 0]
                  00004cf8    00000038     sysbios.aem4f : BIOS.obj (.text:xdc_runtime_System_atexit__E)
                  00004d30    00000034     HVAC_Thread.obj (.text:Delay_ms)
                  00004d64    00000034     UART_MSP432.obj (.text:UART_sendByte)
                  00004d98    00000034     UART_MSP432.obj (.text:UART_set_parity)
                  00004dcc    00000034     release_pem4f.oem4f (.text:ti_sysbios_knl_Semaphore_construct)
                  00004e00    00000032     sysbios.aem4f : BIOS.obj (.text:ti_sysbios_hal_Hwi_initStack)
                  00004e32    00000002     --HOLE-- [fill = 0]
                  00004e34    00000030     GPIO_MSP432.obj (.text:GPIO_getInputPinValue)
                  00004e64    00000030     UART_MSP432.obj (.text:UART_set_location_pin)
                  00004e94    00000030     release_pem4f.oem4f (.text:ti_sysbios_BIOS_atExitFunc__I)
                  00004ec4    00000030     release_pem4f.oem4f (.text:ti_sysbios_BIOS_rtsLock__I)
                  00004ef4    00000030     release_pem4f.oem4f (.text:ti_sysbios_BIOS_startFunc__I)
                  00004f24    00000030     release_pem4f.oem4f (.text:ti_sysbios_family_arm_m3_Hwi_Object__get__S)
                  00004f54    00000004     --HOLE-- [fill = 0]
                  00004f58    00000030     sysbios.aem4f : BIOS.obj (.text:ti_sysbios_family_arm_m3_TaskSupport_start__E)
                  00004f88    00000030                   : BIOS.obj (.text:ti_sysbios_gates_GateMutex_enter__E)
                  00004fb8    00000030     release_pem4f.oem4f (.text:ti_sysbios_heaps_HeapMem_Object__get__S)
                  00004fe8    00000030     sysbios.aem4f : BIOS.obj (.text:ti_sysbios_knl_Mailbox_postInit__I)
                  00005018    00000030     release_pem4f.oem4f (.text:ti_sysbios_knl_Queue_construct)
                  00005048    00000030     sysbios.aem4f : BIOS.obj (.text:ti_sysbios_knl_Semaphore_pendTimeout__I)
                  00005078    00000030     release_pem4f.oem4f (.text:ti_sysbios_knl_Swi_Object__get__S)
                  000050a8    00000030     sysbios.aem4f : BIOS.obj (.text:ti_sysbios_knl_Task_processVitalTaskFlag__I)
                  000050d8    00000030                   : BIOS.obj (.text:ti_sysbios_knl_Task_restore__E)
                  00005108    00000030                   : BIOS.obj (.text:ti_sysbios_knl_Task_unblockI__E)
                  00005138    00000030                   : BIOS.obj (.text:xdc_runtime_System_processAtExit__E)
                  00005168    0000002e                   : BIOS.obj (.text:pthread_setcancelstate)
                  00005196    0000002e     rtsv7M4_T_le_v4SPD16_eabi.lib : i_tofd_t2.asm.obj (.text)
                  000051c4    0000002c     msp432p4xx_driverlib.lib : rtc_c.o (.text:RTC_C_holdClock)
                  000051f0    0000002c     sysbios.aem4f : BIOS.obj (.text:_pthread_cleanupFxn)
                  0000521c    00000004     --HOLE-- [fill = 0]
                  00005220    0000002c                   : BIOS.obj (.text:_pthread_delete$43)
                  0000524c    0000002c     release_pem4f.oem4f (.text:ti_sysbios_BIOS_rtsUnlock__I)
                  00005278    0000002c     release_pem4f.oem4f (.text:ti_sysbios_gates_GateHwi_Handle__label__S)
                  000052a4    0000002c     release_pem4f.oem4f (.text:ti_sysbios_gates_GateMutex_Handle__label__S)
                  000052d0    0000002c     release_pem4f.oem4f (.text:ti_sysbios_heaps_HeapMem_Handle__label__S)
                  000052fc    0000002c     release_pem4f.oem4f (.text:ti_sysbios_knl_Semaphore_Params__init__S)
                  00005328    0000002c     release_pem4f.oem4f (.text:ti_sysbios_knl_Task_Object__get__S)
                  00005354    0000002c     release_pem4f.oem4f (.text:ti_sysbios_knl_Task_Params__init__S)
                  00005380    00000028     msp432p4xx_driverlib.lib : pcm.o (.text:PCM_gotoLPM0)
                  000053a8    00000028     sysbios.aem4f : m3_Hwi_asm.obj (.text:ti_sysbios_family_arm_m3_Hwi_excHandlerAsm__I)
                  000053d0    00000028     release_pem4f.oem4f (.text:ti_sysbios_gates_GateMutex_Object__delete__S)
                  000053f8    00000028     sysbios.aem4f : BIOS.obj (.text:ti_sysbios_knl_Clock_addI__E)
                  00005420    00000028                   : BIOS.obj (.text:ti_sysbios_knl_Swi_Module_startup__E)
                  00005448    00000028     release_pem4f.oem4f (.text:ti_sysbios_knl_Task_Object__delete__S)
                  00005470    00000026     sysbios.aem4f : m3_Hwi_asm.obj (.text:ti_sysbios_family_arm_m3_Hwi_pendSV__I)
                  00005496    00000002     --HOLE-- [fill = 0]
                  00005498    00000024     TIMER32_MSP432.obj (.text:T32_Configure1)
                  000054bc    00000024     UART_MSP432.obj (.text:UART_putsf)
                  000054e0    00000024     msp432p4xx_driverlib.lib : wdt_a.o (.text:WDT_A_holdTimer)
                  00005504    00000004     --HOLE-- [fill = 0]
                  00005508    00000024     sysbios.aem4f : BIOS.obj (.text:pthread_attr_init)
                  0000552c    00000024     release_pem4f.oem4f (.text:ti_sysbios_BIOS_registerRTSLock__I)
                  00005550    00000024     release_pem4f.oem4f (.text:ti_sysbios_gates_GateHwi_Object__delete__S)
                  00005574    00000024     release_pem4f.oem4f (.text:ti_sysbios_heaps_HeapMem_Object__delete__S)
                  00005598    00000024     sysbios.aem4f : BIOS.obj (.text:ti_sysbios_knl_Clock_Module_startup__E)
                  000055bc    00000004     --HOLE-- [fill = 0]
                  000055c0    00000024                   : BIOS.obj (.text:ti_sysbios_knl_Semaphore_Instance_init__E)
                  000055e4    00000004     --HOLE-- [fill = 0]
                  000055e8    00000024                   : BIOS.obj (.text:ti_sysbios_knl_Task_restoreHwi__E)
                  0000560c    00000004     --HOLE-- [fill = 0]
                  00005610    00000024                   : BIOS.obj (.text:xdc_runtime_Error_policyMin__E)
                  00005634    00000020     ADC_MSP432.obj (.text:ADC_ConfigurePinChannel)
                  00005654    00000020     release_pem4f.oem4f (.text:ti_sysbios_BIOS_removeRTSLock__I)
                  00005674    00000004     --HOLE-- [fill = 0]
                  00005678    00000020     sysbios.aem4f : BIOS.obj (.text:ti_sysbios_knl_Idle_run__E)
                  00005698    00000020     release_pem4f.oem4f (.text:ti_sysbios_knl_Mailbox_Object__get__S)
                  000056b8    00000020     release_pem4f.oem4f (.text:ti_sysbios_knl_Semaphore_destruct)
                  000056d8    00000020     release_pem4f.oem4f (.text:ti_sysbios_rts_ti_ReentSupport_getTlsAddr__I)
                  000056f8    00000020     release_pem4f.oem4f (.text:xdc_runtime_IHeap_alloc)
                  00005718    0000001e     sysbios.aem4f : m3_Hwi_asm_switch.obj (.text:ti_sysbios_family_xxx_Hwi_switchAndRunFunc)
                  00005736    0000001e     release_pem4f.oem4f (.text:ti_sysbios_knl_Task_SupportProxy_start__E)
                  00005754    0000001e     release_pem4f.oem4f (.text:xdc_runtime_Memory_HeapProxy_alloc__E)
                  00005772    00000002     --HOLE-- [fill = 0]
                  00005774    0000001c     ADC_MSP432.obj (.text:ADC_SetEndOfSequenceChannel)
                  00005790    0000001c     ADC_MSP432.obj (.text:ADC_SetStartOfSequenceChannel)
                  000057ac    0000001c     ADC_MSP432.obj (.text:ADC_result)
                  000057c8    0000001c     HVAC_IO.obj (.text:System_InicialiceTIMER)
                  000057e4    0000001c     HVAC_Thread.obj (.text:Timer32_INT1)
                  00005800    0000001c     rtsv7M4_T_le_v4SPD16_eabi.lib : memccpy.c.obj (.text:memccpy)
                  0000581c    0000001c     release_pem4f.oem4f (.text:ti_sysbios_family_arm_m3_Hwi_Module__startupDone__F)
                  00005838    0000001c     sysbios.aem4f : BIOS.obj (.text:ti_sysbios_family_arm_m3_Hwi_excHandler__I)
                  00005854    0000001c     release_pem4f.oem4f (.text:ti_sysbios_family_arm_msp432_Timer_Module__startupDone__F)
                  00005870    0000001c     sysbios.aem4f : BIOS.obj (.text:ti_sysbios_gates_GateMutex_Instance_init__E)
                  0000588c    0000001c     release_pem4f.oem4f (.text:ti_sysbios_knl_Queue_Object__get__S)
                  000058a8    0000001c     release_pem4f.oem4f (.text:ti_sysbios_knl_Queue_destruct)
                  000058c4    00000004     --HOLE-- [fill = 0]
                  000058c8    0000001c     sysbios.aem4f : BIOS.obj (.text:ti_sysbios_knl_Queue_put__E)
                  000058e4    00000004     --HOLE-- [fill = 0]
                  000058e8    0000001c                   : BIOS.obj (.text:ti_sysbios_knl_Task_enter__I)
                  00005904    00000004     --HOLE-- [fill = 0]
                  00005908    0000001c                   : BIOS.obj (.text:ti_sysbios_rts_ti_ReentSupport_getReent__F)
                  00005924    00000004     --HOLE-- [fill = 0]
                  00005928    0000001c                   : BIOS.obj (.text:xdc_runtime_Memory_valloc__E)
                  00005944    0000001c     release_pem4f.oem4f (.text:xdc_runtime_Startup_exec__I)
                  00005960    0000001c     sysbios.aem4f : BIOS.obj (.text:xdc_runtime_System_abort__E)
                  0000597c    0000001a     rtsv7M4_T_le_v4SPD16_eabi.lib : s_copysign.c.obj (.text:copysign)
                  00005996    0000001a     release_pem4f.oem4f (.text:xdc_runtime_IHeap_free)
                  000059b0    00000018     release_pem4f.oem4f (.text:.bootCodeSection:ti_sysbios_family_arm_msp432_init_Boot_init__I)
                  000059c8    00000018     ADC_MSP432.obj (.text:ADC_SetConvertionMode)
                  000059e0    00000018     ADC_MSP432.obj (.text:ADC_trigger)
                  000059f8    00000018     UART_MSP432.obj (.text:UART_B_char_IE)
                  00005a10    00000018     UART_MSP432.obj (.text:UART_E_char_IE)
                  00005a28    00000018     UART_MSP432.obj (.text:UART_data_bits)
                  00005a40    00000018     UART_MSP432.obj (.text:UART_mode)
                  00005a58    00000018     UART_MSP432.obj (.text:UART_set_oversampling)
                  00005a70    00000018     UART_MSP432.obj (.text:UART_set_stop_bits)
                  00005a88    00000018     UART_MSP432.obj (.text:UART_set_transmision_dir)
                  00005aa0    00000018     rtsv7M4_T_le_v4SPD16_eabi.lib : args_main.c.obj (.text:_args_main)
                  00005ab8    00000018                                   : sprintf.c.obj (.text:_outs)
                  00005ad0    00000018     HVAC_IO.obj (.text:terminar_programa)
                  00005ae8    00000018     sysbios.aem4f : m3_TaskSupport_asm.obj (.text:ti_sysbios_family_arm_m3_TaskSupport_swap__E)
                  00005b00    00000018                   : BIOS.obj (.text:ti_sysbios_gates_GateMutex_leave__E)
                  00005b18    00000018                   : BIOS.obj (.text:xdc_runtime_Error_init__E)
                  00005b30    00000018                   : BIOS.obj (.text:xdc_runtime_System_exit__E)
                  00005b48    00000016     UART_MSP432.obj (.text:UART_den)
                  00005b5e    00000016     UART_MSP432.obj (.text:UART_en)
                  00005b74    00000016     rtsv7M4_T_le_v4SPD16_eabi.lib : strchr.c.obj (.text:strchr)
                  00005b8a    00000016     release_pem4f.oem4f (.text:ti_sysbios_BIOS_exitFunc__I)
                  00005ba0    00000016     sysbios.aem4f : BIOS.obj (.text:ti_sysbios_knl_Task_unblock__E)
                  00005bb6    00000002     --HOLE-- [fill = 0]
                  00005bb8    00000014     msp432p4xx_driverlib.lib : pcm.o (.text:PCM_getPowerState)
                  00005bcc    00000014     TIMER32_MSP432.obj (.text:T32_SetLoadValue1)
                  00005be0    00000014     sysbios.aem4f : BIOS.obj (.text:pthread_attr_setschedparam)
                  00005bf4    00000014     rtsv7M4_T_le_v4SPD16_eabi.lib : strlen.c.obj (.text:strlen)
                  00005c08    00000014     sysbios.aem4f : BIOS.obj (.text:ti_sysbios_family_arm_m3_Hwi_switchFromBootStack__E)
                  00005c1c    00000014     release_pem4f.oem4f (.text:ti_sysbios_hal_Hwi_HwiProxy_getStackInfo__E)
                  00005c30    00000014     release_pem4f.oem4f (.text:ti_sysbios_knl_Clock_Module_State_clockQ)
                  00005c44    00000014     release_pem4f.oem4f (.text:xdc_runtime_Memory_HeapProxy_free__E)
                  00005c58    00000012     sysbios.aem4f : BIOS.obj (.text:_pthread_cleanup_pop)
                  00005c6a    00000006     --HOLE-- [fill = 0]
                  00005c70    00000012                   : BIOS.obj (.text:_pthread_runStub$43)
                  00005c82    00000006     --HOLE-- [fill = 0]
                  00005c88    00000012                   : BIOS.obj (.text:ti_sysbios_hal_Hwi_Module_startup__E)
                  00005c9a    00000012     rtsv7M4_T_le_v4SPD16_eabi.lib : wcslen.c.obj (.text:wcslen)
                  00005cac    00000010     ADC_MSP432.obj (.text:ADC_is_busy)
                  00005cbc    00000010     msp432p4xx_driverlib.lib : pcm.o (.text:PCM_gotoLPM4)
                  00005ccc    00000010                              : pcm.o (.text:PCM_setPowerMode)
                  00005cdc    00000010                              : pcm.o (.text:PCM_setPowerState)
                  00005cec    00000010     release_pem4f.oem4f (.text:ti_sysbios_BIOS_RtsGateProxy_leave__E)
                  00005cfc    00000004     --HOLE-- [fill = 0]
                  00005d00    00000010     sysbios.aem4f : BIOS.obj (.text:ti_sysbios_BIOS_exit__E)
                  00005d10    00000010                   : BIOS.obj (.text:ti_sysbios_BIOS_setThreadType__E)
                  00005d20    00000010                   : BIOS.obj (.text:ti_sysbios_BIOS_start__E)
                  00005d30    00000010                   : m3_TaskSupport_asm.obj (.text:ti_sysbios_family_arm_m3_TaskSupport_glue)
                  00005d40    00000010                   : BIOS.obj (.text:ti_sysbios_family_arm_msp432_init_Boot_disableWatchdog)
                  00005d50    00000010                   : BIOS.obj (.text:ti_sysbios_gates_GateMutex_Instance_finalize__E)
                  00005d60    00000010     release_pem4f.oem4f (.text:ti_sysbios_heaps_HeapMem_Module_GateProxy_leave__E)
                  00005d70    00000010     sysbios.aem4f : BIOS.obj (.text:ti_sysbios_knl_Semaphore_Instance_finalize__E)
                  00005d80    00000010                   : BIOS.obj (.text:ti_sysbios_knl_Swi_disable__E)
                  00005d90    00000010     release_pem4f.oem4f (.text:ti_sysbios_knl_Task_SupportProxy_swap__E)
                  00005da0    00000010     sysbios.aem4f : BIOS.obj (.text:ti_sysbios_knl_Task_disable__E)
                  00005db0    00000010                   : BIOS.obj (.text:xdc_runtime_Gate_leaveSystem__E)
                  00005dc0    00000010                   : BIOS.obj (.text:xdc_runtime_Memory_free__E)
                  00005dd0    00000010                   : BIOS.obj (.text:xdc_runtime_SysCallback_abort__E)
                  00005de0    00000010                   : BIOS.obj (.text:xdc_runtime_SysCallback_exit__E)
                  00005df0    00000010     release_pem4f.oem4f (.text:xdc_runtime_System_Module_GateProxy_leave__E)
                  00005e00    0000000e     TIMER32_MSP432.obj (.text:T32_Init1)
                  00005e0e    0000000e     rtsv7M4_T_le_v4SPD16_eabi.lib : copy_decompress_none.c.obj (.text:decompress:none:__TI_decompress_none)
                  00005e1c    00000004     --HOLE-- [fill = 0]
                  00005e20    0000000e     sysbios.aem4f : BIOS.obj (.text:pthread_attr_setdetachstate)
                  00005e2e    00000002     --HOLE-- [fill = 0]
                  00005e30    0000000e                   : BIOS.obj (.text:ti_sysbios_knl_Idle_loop__E)
                  00005e3e    00000002     --HOLE-- [fill = 0]
                  00005e40    0000000e                   : BIOS.obj (.text:ti_sysbios_knl_Queue_empty__E)
                  00005e4e    00000002     --HOLE-- [fill = 0]
                  00005e50    0000000c     TIMER32_MSP432.obj (.text:T32_ClearInterruptFlag1)
                  00005e5c    0000000c     TIMER32_MSP432.obj (.text:T32_EnableInterrupt1)
                  00005e68    0000000c     TIMER32_MSP432.obj (.text:T32_EnableTimer1)
                  00005e74    0000000c     rtsv7M4_T_le_v4SPD16_eabi.lib : _lock.c.obj (.text:_register_lock)
                  00005e80    0000000c                                   : _lock.c.obj (.text:_register_unlock)
                  00005e8c    0000000c                                   : copy_zero_init.c.obj (.text:decompress:ZI:__TI_zero_init)
                  00005e98    0000000c     sysbios.aem4f : BIOS.obj (.text:pthread_self)
                  00005ea4    0000000c     release_pem4f.oem4f (.text:ti_sysbios_BIOS_RtsGateProxy_enter__E)
                  00005eb0    0000000c     sysbios.aem4f : BIOS.obj (.text:ti_sysbios_family_arm_m3_TaskSupport_getStackAlignment__E)
                  00005ebc    00000004     --HOLE-- [fill = 0]
                  00005ec0    0000000c                   : BIOS.obj (.text:ti_sysbios_family_arm_msp432_Timer_getMaxTicks__E)
                  00005ecc    00000004     --HOLE-- [fill = 0]
                  00005ed0    0000000c                   : BIOS.obj (.text:ti_sysbios_gates_GateHwi_enter__E)
                  00005edc    0000000c     release_pem4f.oem4f (.text:ti_sysbios_heaps_HeapMem_Module_GateProxy_enter__E)
                  00005ee8    0000000c     release_pem4f.oem4f (.text:ti_sysbios_heaps_HeapMem_Module_GateProxy_query__E)
                  00005ef4    0000000c     release_pem4f.oem4f (.text:ti_sysbios_knl_Clock_TimerProxy_getMaxTicks__E)
                  00005f00    0000000c     release_pem4f.oem4f (.text:ti_sysbios_knl_Task_delete)
                  00005f0c    00000004     --HOLE-- [fill = 0]
                  00005f10    0000000c     sysbios.aem4f : BIOS.obj (.text:ti_sysbios_knl_Task_self__E)
                  00005f1c    00000004     --HOLE-- [fill = 0]
                  00005f20    0000000c                   : BIOS.obj (.text:ti_sysbios_rts_ti_ReentSupport_taskRegHook__I)
                  00005f2c    00000004     --HOLE-- [fill = 0]
                  00005f30    0000000c                   : BIOS.obj (.text:xdc_runtime_Gate_enterSystem__E)
                  00005f3c    00000004     --HOLE-- [fill = 0]
                  00005f40    0000000c                   : BIOS.obj (.text:xdc_runtime_Startup_rtsDone__E)
                  00005f4c    0000000c     release_pem4f.oem4f (.text:xdc_runtime_System_Module_GateProxy_enter__E)
                  00005f58    0000000c     release_pem4f.oem4f (.text:xdc_runtime_System_SupportProxy_abort__E)
                  00005f64    0000000c     release_pem4f.oem4f (.text:xdc_runtime_System_SupportProxy_exit__E)
                  00005f70    0000000a     rtsv7M4_T_le_v4SPD16_eabi.lib : sprintf.c.obj (.text:_outc)
                  00005f7a    00000008     HVAC_IO.obj (.text:HVAC_InicialiceUART)
                  00005f82    00000006     --HOLE-- [fill = 0]
                  00005f88    00000008     sysbios.aem4f : BIOS.obj (.text:pthread_attr_setstacksize)
                  00005f90    00000008     release_pem4f.oem4f (.text:ti_sysbios_family_arm_m3_Hwi_Module__startupDone__S)
                  00005f98    00000008     sysbios.aem4f : BIOS.obj (.text:ti_sysbios_family_arm_m3_Hwi_doSwiRestore__I)
                  00005fa0    00000008                   : BIOS.obj (.text:ti_sysbios_family_arm_m3_Hwi_startup__E)
                  00005fa8    00000008     release_pem4f.oem4f (.text:ti_sysbios_family_arm_msp432_Timer_Module__startupDone__S)
                  00005fb0    00000008     release_pem4f.oem4f (.text:ti_sysbios_hal_Hwi_HwiProxy_Module__startupDone__S)
                  00005fb8    00000008     release_pem4f.oem4f (.text:ti_sysbios_hal_Hwi_HwiProxy_startup__E)
                  00005fc0    00000008     release_pem4f.oem4f (.text:ti_sysbios_hal_Hwi_HwiProxy_switchFromBootStack__E)
                  00005fc8    00000008     release_pem4f.oem4f (.text:ti_sysbios_knl_Clock_TimerProxy_Module__startupDone__S)
                  00005fd0    00000008     release_pem4f.oem4f (.text:ti_sysbios_knl_Task_SupportProxy_Module__startupDone__S)
                  00005fd8    00000008     release_pem4f.oem4f (.text:ti_sysbios_knl_Task_SupportProxy_getStackAlignment__E)
                  00005fe0    00000008     release_pem4f.oem4f (.text:ti_sysbios_rts_ti_ReentSupport_getReent__E)
                  00005fe8    00000008     release_pem4f.oem4f (.text:xdc_runtime_Startup_reset__I)
                  00005ff0    00000006     sysbios.aem4f : BIOS.obj (.text:ti_sysbios_family_arm_m3_Hwi_doTaskRestore__I)
                  00005ff6    00000002     --HOLE-- [fill = 0]
                  00005ff8    00000006                   : BIOS.obj (.text:ti_sysbios_gates_GateHwi_leave__E)
                  00005ffe    00000002     --HOLE-- [fill = 0]
                  00006000    00000006                   : BIOS.obj (.text:ti_sysbios_heaps_HeapMem_isBlocking__E)
                  00006006    00000002     --HOLE-- [fill = 0]
                  00006008    00000006                   : BIOS.obj (.text:ti_sysbios_knl_Queue_Instance_init__E)
                  0000600e    00000002     --HOLE-- [fill = 0]
                  00006010    00000006                   : BIOS.obj (.text:ti_sysbios_knl_Swi_startup__E)
                  00006016    00000002     --HOLE-- [fill = 0]
                  00006018    00000006                   : BIOS.obj (.text:xdc_runtime_System_Module_startup__E)
                  0000601e    00000002     --HOLE-- [fill = 0]
                  00006020    00000004                   : BIOS.obj (.text:__aeabi_errno_addr)
                  00006024    00000004     --HOLE-- [fill = 0]
                  00006028    00000004                   : BIOS.obj (.text:ti_sysbios_gates_GateHwi_query__E)
                  0000602c    00000004     --HOLE-- [fill = 0]
                  00006030    00000004                   : BIOS.obj (.text:ti_sysbios_gates_GateMutex_query__E)
                  00006034    00000004     --HOLE-- [fill = 0]
                  00006038    00000004                   : BIOS.obj (.text:ti_sysbios_knl_Task_startup__E)
                  0000603c    00000004     --HOLE-- [fill = 0]
                  00006040    00000002                   : BIOS.obj (.text:ti_sysbios_BIOS_linkedWithIncorrectBootLibrary__E)
                  00006042    00000006     --HOLE-- [fill = 0]
                  00006048    00000002                   : BIOS.obj (.text:ti_sysbios_gates_GateHwi_Instance_init__E)
                  0000604a    00000006     --HOLE-- [fill = 0]
                  00006050    00000002                   : BIOS.obj (.text:ti_sysbios_knl_Clock_logTick__E)
                  00006052    00000006     --HOLE-- [fill = 0]
                  00006058    00000002                   : BIOS.obj (.text:xdc_runtime_SysCallback_defaultAbort)
                  0000605a    00000006     --HOLE-- [fill = 0]
                  00006060    00000002                   : BIOS.obj (.text:xdc_runtime_SysCallback_defaultExit)
                  00006062    00000006     --HOLE-- [fill = 0]
                  00006068    00000002                   : BIOS.obj (.text:xdc_runtime_System_abortSpin__E)
                  0000606a    00000006     --HOLE-- [fill = 0]
                  00006070    00000002                   : BIOS.obj (.text:xdc_runtime_System_exitSpin__E)

.const     0    00006074    000004fc     
                  00006074    00000101     rtsv7M4_T_le_v4SPD16_eabi.lib : ctype.c.obj (.const:.string:_ctypes_)
                  00006175    00000001     release_pem4f.oem4f (.const:xdc_runtime_Error_policy__C)
                  00006176    00000002     release_pem4f.oem4f (.const:ti_sysbios_family_arm_msp432_init_Boot_bypassHFXT__C)
                  00006178    00000048     release_pem4f.oem4f (.const:.string)
                  000061c0    0000003c     release_pem4f.oem4f (.const:ti_sysbios_knl_Task_Object__PARAMS__C)
                  000061fc    00000030     GPIO_MSP432.obj (.const:GPIO_PORT_TO_BASE)
                  0000622c    00000028     release_pem4f.oem4f (.const:ti_sysbios_heaps_HeapMem_Module__FXNS__C)
                  00006254    00000024     release_pem4f.oem4f (.const:ti_sysbios_gates_GateHwi_Module__FXNS__C)
                  00006278    00000024     release_pem4f.oem4f (.const:ti_sysbios_gates_GateMutex_Module__FXNS__C)
                  0000629c    00000024     release_pem4f.oem4f (.const:ti_sysbios_heaps_HeapMem_Object__PARAMS__C)
                  000062c0    00000024     release_pem4f.oem4f (.const:ti_sysbios_knl_Semaphore_Object__PARAMS__C)
                  000062e4    00000024     release_pem4f.oem4f (.const:xdc_runtime_Startup_sfxnTab__A)
                  00006308    00000020     release_pem4f.oem4f (.const:ti_sysbios_gates_GateHwi_Object__DESC__C)
                  00006328    00000020     release_pem4f.oem4f (.const:ti_sysbios_gates_GateMutex_Object__DESC__C)
                  00006348    00000020     release_pem4f.oem4f (.const:ti_sysbios_heaps_HeapMem_Object__DESC__C)
                  00006368    00000020     release_pem4f.oem4f (.const:ti_sysbios_knl_Queue_Object__DESC__C)
                  00006388    00000020     release_pem4f.oem4f (.const:ti_sysbios_knl_Semaphore_Object__DESC__C)
                  000063a8    00000020     release_pem4f.oem4f (.const:ti_sysbios_knl_Task_Object__DESC__C)
                  000063c8    00000018     release_pem4f.oem4f (.const:ti_sysbios_gates_GateHwi_Object__PARAMS__C)
                  000063e0    00000018     release_pem4f.oem4f (.const:ti_sysbios_gates_GateMutex_Object__PARAMS__C)
                  000063f8    00000018     release_pem4f.oem4f (.const:ti_sysbios_knl_Queue_Object__PARAMS__C)
                  00006410    00000018     release_pem4f.oem4f (.const:ti_sysbios_knl_Task_hooks__A)
                  00006428    00000012     release_pem4f.oem4f (.const:xdc_runtime_Startup_sfxnRts__A)
                  0000643a    00000002     release_pem4f.oem4f (.const:ti_sysbios_family_arm_msp432_init_Boot_bypassLFXT__C)
                  0000643c    0000000c     UART_MSP432.obj (.const:BRFX)
                  00006448    0000000c     UART_MSP432.obj (.const:BRS)
                  00006454    0000000c     UART_MSP432.obj (.const:BRX)
                  00006460    0000000c     release_pem4f.oem4f (.const:xdc_runtime_Startup_firstFxns__A)
                  0000646c    00000008     INT_MSP432.obj (.const:g_pulEnRegs)
                  00006474    00000008     release_pem4f.oem4f (.const:ti_sysbios_knl_Idle_funcList__A)
                  0000647c    00000008     release_pem4f.oem4f (.const:ti_sysbios_knl_Idle_funcList__C)
                  00006484    00000008     release_pem4f.oem4f (.const:ti_sysbios_knl_Task_hooks__C)
                  0000648c    00000008     release_pem4f.oem4f (.const:xdc_runtime_Startup_firstFxns__C)
                  00006494    00000008     release_pem4f.oem4f (.const:xdc_runtime_Startup_lastFxns__C)
                  0000649c    00000004     release_pem4f.oem4f (.const:ti_sysbios_family_arm_m3_Hwi_NUM_INTERRUPTS__C)
                  000064a0    00000004     release_pem4f.oem4f (.const:ti_sysbios_family_arm_m3_Hwi_Object__count__C)
                  000064a4    00000004     release_pem4f.oem4f (.const:ti_sysbios_family_arm_m3_Hwi_Object__table__C)
                  000064a8    00000004     release_pem4f.oem4f (.const:ti_sysbios_family_arm_m3_Hwi_ccr__C)
                  000064ac    00000004     release_pem4f.oem4f (.const:ti_sysbios_family_arm_m3_Hwi_excHandlerFunc__C)
                  000064b0    00000004     release_pem4f.oem4f (.const:ti_sysbios_family_arm_m3_Hwi_nullIsrFunc__C)
                  000064b4    00000004     release_pem4f.oem4f (.const:ti_sysbios_family_arm_m3_Hwi_priGroup__C)
                  000064b8    00000004     release_pem4f.oem4f (.const:ti_sysbios_family_arm_m3_TaskSupport_stackAlignment__C)
                  000064bc    00000004     release_pem4f.oem4f (.const:ti_sysbios_family_arm_msp432_Timer_numTimerDevices__C)
                  000064c0    00000004     release_pem4f.oem4f (.const:ti_sysbios_family_arm_msp432_Timer_startupNeeded__C)
                  000064c4    00000004     release_pem4f.oem4f (.const:ti_sysbios_gates_GateMutex_Instance_State_sem__O)
                  000064c8    00000004     release_pem4f.oem4f (.const:ti_sysbios_heaps_HeapMem_E_memory__C)
                  000064cc    00000004     release_pem4f.oem4f (.const:ti_sysbios_heaps_HeapMem_Module__gateObj__C)
                  000064d0    00000004     release_pem4f.oem4f (.const:ti_sysbios_heaps_HeapMem_Object__count__C)
                  000064d4    00000004     release_pem4f.oem4f (.const:ti_sysbios_heaps_HeapMem_Object__table__C)
                  000064d8    00000004     release_pem4f.oem4f (.const:ti_sysbios_heaps_HeapMem_primaryHeapBaseAddr__C)
                  000064dc    00000004     release_pem4f.oem4f (.const:ti_sysbios_heaps_HeapMem_primaryHeapEndAddr__C)
                  000064e0    00000004     release_pem4f.oem4f (.const:ti_sysbios_heaps_HeapMem_reqAlign__C)
                  000064e4    00000004     release_pem4f.oem4f (.const:ti_sysbios_knl_Clock_Module_State_clockQ__O)
                  000064e8    00000004     release_pem4f.oem4f (.const:ti_sysbios_knl_Mailbox_Instance_State_freeQue__O)
                  000064ec    00000004     release_pem4f.oem4f (.const:ti_sysbios_knl_Mailbox_Object__count__C)
                  000064f0    00000004     release_pem4f.oem4f (.const:ti_sysbios_knl_Mailbox_maxTypeAlign__C)
                  000064f4    00000004     release_pem4f.oem4f (.const:ti_sysbios_knl_Semaphore_Instance_State_pendQ__O)
                  000064f8    00000004     release_pem4f.oem4f (.const:ti_sysbios_knl_Swi_Object__count__C)
                  000064fc    00000004     release_pem4f.oem4f (.const:ti_sysbios_knl_Swi_Object__table__C)
                  00006500    00000004     release_pem4f.oem4f (.const:ti_sysbios_knl_Task_Module_State_inactiveQ__O)
                  00006504    00000004     release_pem4f.oem4f (.const:ti_sysbios_knl_Task_Object__count__C)
                  00006508    00000004     release_pem4f.oem4f (.const:ti_sysbios_knl_Task_Object__heap__C)
                  0000650c    00000004     release_pem4f.oem4f (.const:ti_sysbios_knl_Task_Object__table__C)
                  00006510    00000004     release_pem4f.oem4f (.const:ti_sysbios_knl_Task_allBlockedFunc__C)
                  00006514    00000004     release_pem4f.oem4f (.const:ti_sysbios_knl_Task_defaultStackHeap__C)
                  00006518    00000004     release_pem4f.oem4f (.const:ti_sysbios_knl_Task_defaultStackSize__C)
                  0000651c    00000004     release_pem4f.oem4f (.const:ti_sysbios_knl_Task_numConstructedTasks__C)
                  00006520    00000004     release_pem4f.oem4f (.const:xdc_runtime_Error_E_memory__C)
                  00006524    00000004     release_pem4f.oem4f (.const:xdc_runtime_Error_policyFxn__C)
                  00006528    00000004     release_pem4f.oem4f (.const:xdc_runtime_IGateProvider_Interface__BASE__C)
                  0000652c    00000004     release_pem4f.oem4f (.const:xdc_runtime_IHeap_Interface__BASE__C)
                  00006530    00000004     release_pem4f.oem4f (.const:xdc_runtime_IModule_Interface__BASE__C)
                  00006534    00000004     release_pem4f.oem4f (.const:xdc_runtime_Memory_defaultHeapInstance__C)
                  00006538    00000004     release_pem4f.oem4f (.const:xdc_runtime_Startup_execImpl__C)
                  0000653c    00000004     release_pem4f.oem4f (.const:xdc_runtime_Startup_maxPasses__C)
                  00006540    00000004     release_pem4f.oem4f (.const:xdc_runtime_Startup_sfxnRts__C)
                  00006544    00000004     release_pem4f.oem4f (.const:xdc_runtime_Startup_sfxnTab__C)
                  00006548    00000004     release_pem4f.oem4f (.const:xdc_runtime_Startup_startModsFxn__C)
                  0000654c    00000004     release_pem4f.oem4f (.const:xdc_runtime_SysCallback_abortFxn__C)
                  00006550    00000004     release_pem4f.oem4f (.const:xdc_runtime_SysCallback_exitFxn__C)
                  00006554    00000004     release_pem4f.oem4f (.const:xdc_runtime_System_Module__gateObj__C)
                  00006558    00000004     release_pem4f.oem4f (.const:xdc_runtime_System_abortFxn__C)
                  0000655c    00000004     release_pem4f.oem4f (.const:xdc_runtime_System_exitFxn__C)
                  00006560    00000004     release_pem4f.oem4f (.const:xdc_runtime_System_maxAtexitHandlers__C)
                  00006564    00000004     release_pem4f.oem4f (.const:xdc_runtime_Text_nameUnknown__C)
                  00006568    00000002     release_pem4f.oem4f (.const:ti_sysbios_family_arm_msp432_init_Boot_enableHFXT__C)
                  0000656a    00000002     release_pem4f.oem4f (.const:ti_sysbios_family_arm_msp432_init_Boot_enableLFXT__C)
                  0000656c    00000002     release_pem4f.oem4f (.const:ti_sysbios_heaps_HeapMem_Module__id__C)
                  0000656e    00000002     release_pem4f.oem4f (.const:xdc_runtime_Memory_Module__id__C)

.cinit     0    00006570    000001d8     
                  00006570    000001a3     (.cinit..data.load) [load image, compression = lzss]
                  00006713    00000001     --HOLE-- [fill = 0]
                  00006714    0000000c     (__TI_handler_table)
                  00006720    00000008     (.cinit..bss.load) [load image, compression = zero_init]
                  00006728    00000008     (.cinit..vtable.load) [load image, compression = zero_init]
                  00006730    00000018     (__TI_cinit_table)

.init_array 
*          0    00000000    00000000     UNINITIALIZED

.data      0    20000140    00000486     UNINITIALIZED
                  20000140    00000088     sysbios.aem4f : BIOS.obj (.data:$O1$$)
                  200001c8    00000080     release_pem4f.oem4f (.data:ti_sysbios_knl_Swi_Module_State_0_readyQ__A)
                  20000248    00000080     release_pem4f.oem4f (.data:ti_sysbios_knl_Task_Module_State_0_readyQ__A)
                  200002c8    00000054     release_pem4f.oem4f (.data:ti_sysbios_gates_GateMutex_Object__table__V)
                  2000031c    0000004c     release_pem4f.oem4f (.data:ti_sysbios_knl_Task_Object__table__V)
                  20000368    00000044     release_pem4f.oem4f (.data:ti_sysbios_family_arm_msp432_Timer_Object__table__V)
                  200003ac    00000044     release_pem4f.oem4f (.data:ti_sysbios_knl_Task_Module__state__V)
                  200003f0    00000034     release_pem4f.oem4f (.data:ti_sysbios_family_arm_m3_Hwi_Module__state__V)
                  20000424    00000030     release_pem4f.oem4f (.data:ti_sysbios_knl_Swi_Object__table__V)
                  20000454    0000002c     release_pem4f.oem4f (.data:ti_sysbios_knl_Clock_Module__state__V)
                  20000480    00000024     release_pem4f.oem4f (.data:ti_sysbios_BIOS_Module__state__V)
                  200004a4    00000020     release_pem4f.oem4f (.data:ti_sysbios_family_arm_msp432_Timer_Module_State_0_device__A)
                  200004c4    00000020     release_pem4f.oem4f (.data:xdc_runtime_Error_IgnoreBlock)
                  200004e4    0000001c     release_pem4f.oem4f (.data:ti_sysbios_knl_Swi_Module__state__V)
                  20000500    00000018     release_pem4f.oem4f (.data:ti_sysbios_family_arm_m3_Hwi_Object__table__V)
                  20000518    00000018     release_pem4f.oem4f (.data:ti_sysbios_heaps_HeapMem_Object__table__V)
                  20000530    00000010     release_pem4f.oem4f (.data:ti_sysbios_family_arm_msp432_Timer_Module_State_0_handles__A)
                  20000540    0000000c     release_pem4f.oem4f (.data:ti_sysbios_family_arm_msp432_Timer_Module__state__V)
                  2000054c    00000009     HVAC_IO.obj (.data)
                  20000555    00000003     HVAC_Thread.obj (.data)
                  20000558    00000008     rtsv7M4_T_le_v4SPD16_eabi.lib : _lock.c.obj (.data:$O1$$)
                  20000560    00000008     release_pem4f.oem4f (.data:ti_sysbios_gates_GateHwi_Module__root__V)
                  20000568    00000008     release_pem4f.oem4f (.data:ti_sysbios_gates_GateMutex_Module__root__V)
                  20000570    00000008     release_pem4f.oem4f (.data:ti_sysbios_heaps_HeapMem_Module__root__V)
                  20000578    00000008     release_pem4f.oem4f (.data:ti_sysbios_knl_Queue_Module__root__V)
                  20000580    00000008     release_pem4f.oem4f (.data:ti_sysbios_knl_Semaphore_Module__root__V)
                  20000588    00000008     release_pem4f.oem4f (.data:ti_sysbios_knl_Task_Module__root__V)
                  20000590    00000008     release_pem4f.oem4f (.data:xdc_runtime_Startup_Module__state__V)
                  20000598    00000008     release_pem4f.oem4f (.data:xdc_runtime_System_Module_State_0_atexitHandlers__A)
                  200005a0    00000008     release_pem4f.oem4f (.data:xdc_runtime_System_Module__state__V)
                  200005a8    00000004     rtsv7M4_T_le_v4SPD16_eabi.lib : stkdepth_vars.c.obj (.data)
                  200005ac    00000004     release_pem4f.oem4f (.data:ti_sysbios_family_arm_m3_Hwi_Module_State_0_excContext__A)
                  200005b0    00000004     release_pem4f.oem4f (.data:ti_sysbios_family_arm_m3_Hwi_Module_State_0_excStack__A)
                  200005b4    00000004     release_pem4f.oem4f (.data:ti_sysbios_gates_GateHwi_Object__table__V)
                  200005b8    00000004     release_pem4f.oem4f (.data:ti_sysbios_knl_Task_Module_State_0_idleTask__A)
                  200005bc    00000004     release_pem4f.oem4f (.data:ti_sysbios_rts_ti_ReentSupport_Module__state__V)
                  200005c0    00000004     release_pem4f.oem4f (.data:xdc_runtime_Memory_Module__state__V)
                  200005c4    00000002     release_pem4f.oem4f (.data:ti_sysbios_family_arm_m3_Hwi_Module_State_0_excActive__A)

.bss       0    200005c8    00000370     UNINITIALIZED
                  200005c8    00000200     release_pem4f.oem4f (.bss:taskStackSection)
                  200007c8    00000140     (.common:ti_sysbios_family_arm_m3_Hwi_dispatchTable)
                  20000908    0000000c     (.common:lux1)
                  20000914    0000000c     (.common:lux2)
                  20000920    0000000c     (.common:lux3)
                  2000092c    00000004     (.common:j)
                  20000930    00000004     (.common:luxes)
                  20000934    00000004     (.common:ti_sysbios_knl_Task_Instance_State_0_hookEnv__A)

.vtable    0    20001000    000000e8     UNINITIALIZED
                  20001000    000000e8     INT_MSP432.obj (.vtable)

.priheap   0    200010e8    00004000     UNINITIALIZED
                  200010e8    00004000     --HOLE--

.stack     0    2000fc00    00000400     UNINITIALIZED
                  2000fc00    00000400     --HOLE--

.bootVecs 
*          0    00000000    00000008     DSECT
                  00000000    00000008     boot.aem4f : boot.oem4f (.bootVecs)

.resetVecs 
*          0    00000000    0000003c     
                  00000000    0000003c     release_pem4f.oem4f (.resetVecs)

.vecs      0    20000000    00000140     NOLOAD SECTION
                  20000000    00000140     release_pem4f.oem4f (.vecs)

xdc.meta   0    00000000    000000e5     COPY SECTION
                  00000000    000000e5     release_pem4f.oem4f (xdc.meta)

xdc.noload 
*          0    00000000    00000000     COPY SECTION

__llvm_prf_cnts 
*          0    20000000    00000000     UNINITIALIZED

.binit     0    00000000    00000000     

MODULE SUMMARY

       Module                       code    ro data   rw data
       ------                       ----    -------   -------
    .\
       HVAC_IO.obj                  1844    0         98     
       HVAC_Thread.obj              396     0         14     
       Threads.obj                  100     0         0      
    +--+----------------------------+-------+---------+---------+
       Total:                       2340    0         112    
                                                             
    .\Aux_files\
       system_msp432p401r.obj       202     0         0      
    +--+----------------------------+-------+---------+---------+
       Total:                       202     0         0      
                                                             
    .\Drivers\
       UART_MSP432.obj              680     36        0      
       INT_MSP432.obj               220     8         464    
       GPIO_MSP432.obj              416     48        0      
       ADC_MSP432.obj               240     0         0      
       TIMER32_MSP432.obj           106     0         0      
    +--+----------------------------+-------+---------+---------+
       Total:                       1662    92        464    
                                                             
    C:\Users\ivanl\workspace_v12\HVAC_UN_HILO_ORG\Debug\configPkg\package\cfg\
       release_pem4f.oem4f          1966    987       4308   
    +--+----------------------------+-------+---------+---------+
       Total:                       1966    987       4308   
                                                             
    C:/ti/simplelink_msp432p4_sdk_3_40_01_02/source/ti/devices/msp432p4xx/driverlib/ccs/msp432p4xx_driverlib.lib
       pcm.o                        1770    0         0      
       rtc_c.o                      44      0         0      
       wdt_a.o                      36      0         0      
       cpu.o                        4       0         0      
    +--+----------------------------+-------+---------+---------+
       Total:                       1854    0         0      
                                                             
    C:\Users\ivanl\workspace_v12\HVAC_UN_HILO_ORG\Aux_files\src\sysbios\sysbios.aem4f
       BIOS.obj                     7762    0         272    
       m3_Hwi_asm.obj               318     0         0      
       m3_TaskSupport_asm.obj       180     0         0      
       m3_Hwi_asm_switch.obj        118     0         0      
    +--+----------------------------+-------+---------+---------+
       Total:                       8378    0         272    
                                                             
    C:\ti\ccs1210\ccs\tools\compiler\ti-cgt-arm_20.2.7.LTS\lib\rtsv7M4_T_le_v4SPD16_eabi.lib
       _printfi.c.obj               4851    0         0      
       fd_add_t2.asm.obj            438     0         0      
       fd_div_t2.asm.obj            310     0         0      
       s_scalbn.c.obj               272     0         0      
       fd_cmp_t2.asm.obj            268     0         0      
       ctype.c.obj                  0       257       0      
       fd_mul_t2.asm.obj            252     0         0      
       memcpy_t2.asm.obj            156     0         0      
       ull_div_t2.asm.obj           150     0         0      
       memset_t2.asm.obj            122     0         0      
       copy_decompress_lzss.c.obj   104     0         0      
       s_frexp.c.obj                100     0         0      
       sprintf.c.obj                98      0         0      
       _ltoa.c.obj                  84      0         0      
       atoi.c.obj                   76      0         0      
       cpy_tbl.c.obj                76      0         0      
       fd_toi_t2.asm.obj            72      0         0      
       i_tofd_t2.asm.obj            46      0         0      
       _lock.c.obj                  26      0         16     
       memccpy.c.obj                28      0         0      
       s_copysign.c.obj             26      0         0      
       args_main.c.obj              24      0         0      
       strchr.c.obj                 22      0         0      
       strlen.c.obj                 20      0         0      
       wcslen.c.obj                 18      0         0      
       copy_decompress_none.c.obj   14      0         0      
       copy_zero_init.c.obj         12      0         0      
       stkdepth_vars.c.obj          0       0         8      
       div0.asm.obj                 2       0         0      
    +--+----------------------------+-------+---------+---------+
       Total:                       7667    257       24     
                                                             
    C:\ti\simplelink_msp432p4_sdk_3_40_01_02\kernel\tirtos\packages\ti\targets\arm\rtsarm\lib\auto_init.aem4f
       auto_init.oem4f              160     0         0      
    +--+----------------------------+-------+---------+---------+
       Total:                       160     0         0      
                                                             
    C:\ti\simplelink_msp432p4_sdk_3_40_01_02\kernel\tirtos\packages\ti\targets\arm\rtsarm\lib\boot.aem4f
       boot.oem4f                   88      0         0      
    +--+----------------------------+-------+---------+---------+
       Total:                       88      0         0      
                                                             
       Stack:                       0       0         2048   
       Linker Generated:            0       471       0      
    +--+----------------------------+-------+---------+---------+
       Grand Total:                 24317   1807      7228   


LINKER GENERATED COPY TABLES

__TI_cinit_table @ 00006730 records: 3, size/record: 8, table size: 24
	.data: load addr=00006570, load size=000001a3 bytes, run addr=20000140, run size=00000486 bytes, compression=lzss
	.bss: load addr=00006720, load size=00000008 bytes, run addr=200005c8, run size=00000370 bytes, compression=zero_init
	.vtable: load addr=00006728, load size=00000008 bytes, run addr=20001000, run size=000000e8 bytes, compression=zero_init


LINKER GENERATED HANDLER TABLE

__TI_handler_table @ 00006714 records: 3, size/record: 4, table size: 12
	index: 0, handler: __TI_zero_init
	index: 1, handler: __TI_decompress_lzss
	index: 2, handler: __TI_decompress_none


GLOBAL SYMBOLS: SORTED ALPHABETICALLY BY Name 

address   name                                                            
-------   ----                                                            
00005635  ADC_ConfigurePinChannel                                         
00004b89  ADC_Initialize                                                  
000059c9  ADC_SetConvertionMode                                           
00005775  ADC_SetEndOfSequenceChannel                                     
00005791  ADC_SetStartOfSequenceChannel                                   
00005cad  ADC_is_busy                                                     
000057ad  ADC_result                                                      
000059e1  ADC_trigger                                                     
0000643c  BRFX                                                            
00006448  BRS                                                             
00006454  BRX                                                             
2000054c  B_1                                                             
2000054d  B_2                                                             
00001e8d  CPU_wfi                                                         
00004d31  Delay_ms                                                        
000021a5  Delay_ms1                                                       
00004e35  GPIO_getInputPinValue                                           
00002c81  GPIO_init_board                                                 
00004bc5  GPIO_interruptEdgeSelect                                        
00003205  GPIO_setOutput                                                  
00004000  HEAPSIZE                                                        
000028f1  HVAC_Heartbeat                                                  
00004945  HVAC_InicialiceADC                                              
00002e6d  HVAC_InicialiceIO                                               
00005f7b  HVAC_InicialiceUART                                             
00001159  HVAC_PrintState                                                 
00004c01  HVAC_Thread                                                     
00004121  INT_SW2                                                         
000044d1  INT_SWI                                                         
0000376d  Int_enableInterrupt                                             
00003e91  Int_registerInterrupt                                           
00003eed  O_C_P1                                                          
00003f49  O_C_P2                                                          
00003e31  PCM_getCoreVoltageLevel                                         
000040c5  PCM_getPowerMode                                                
00005bb9  PCM_getPowerState                                               
00005381  PCM_gotoLPM0                                                    
000035d9  PCM_gotoLPM3                                                    
00005cbd  PCM_gotoLPM4                                                    
00005ccd  PCM_setPowerMode                                                
00005cdd  PCM_setPowerState                                               
00004331  PCM_shutdownDevice                                              
000014c7  Power_idleFunc                                                  
000051c5  RTC_C_holdClock                                                 
UNDEFED   SHT$$INIT_ARRAY$$Base                                           
UNDEFED   SHT$$INIT_ARRAY$$Limit                                          
00002829  SystemInit                                                      
000057c9  System_InicialiceTIMER                                          
00005e51  T32_ClearInterruptFlag1                                         
00005499  T32_Configure1                                                  
00005e5d  T32_EnableInterrupt1                                            
00005e69  T32_EnableTimer1                                                
00005e01  T32_Init1                                                       
00005bcd  T32_SetLoadValue1                                               
000057e5  Timer32_INT1                                                    
000059f9  UART_B_char_IE                                                  
00005a11  UART_E_char_IE                                                  
00004179  UART_clck_source                                                
00005a29  UART_data_bits                                                  
00005b49  UART_den                                                        
00005b5f  UART_en                                                         
00003a3d  UART_init                                                       
00005a41  UART_mode                                                       
000054bd  UART_putsf                                                      
00004d65  UART_sendByte                                                   
000041d1  UART_set_baud_rate                                              
00004e65  UART_set_location_pin                                           
00005a59  UART_set_oversampling                                           
00004d99  UART_set_parity                                                 
00005a71  UART_set_stop_bits                                              
00005a89  UART_set_transmision_dir                                        
4000480c  WDTCTL_SYM                                                      
000054e1  WDT_A_holdTimer                                                 
00000000  __ASM__                                                         
00000066  __ISA__                                                         
00000079  __PLAT__                                                        
20010000  __STACK_END                                                     
00000400  __STACK_SIZE                                                    
0000009c  __TARG__                                                        
00006730  __TI_CINIT_Base                                                 
00006748  __TI_CINIT_Limit                                                
00006714  __TI_Handler_Table_Base                                         
00006720  __TI_Handler_Table_Limit                                        
00002dcd  __TI_auto_init                                                  
00003aa5  __TI_decompress_lzss                                            
00005e0f  __TI_decompress_none                                            
00004385  __TI_ltoa                                                       
ffffffff  __TI_pprof_out_hndl                                             
00000041  __TI_printfi                                                    
ffffffff  __TI_prof_data_size                                             
ffffffff  __TI_prof_data_start                                            
00006570  __TI_static_base__                                              
00005e8d  __TI_zero_init                                                  
000000c2  __TRDR__                                                        
00003445  __aeabi_cdcmpeq                                                 
00003445  __aeabi_cdcmple                                                 
000034cb  __aeabi_cdrcmple                                                
00004795  __aeabi_d2iz                                                    
0000131b  __aeabi_dadd                                                    
000018e9  __aeabi_ddiv                                                    
000022a5  __aeabi_dmul                                                    
00001311  __aeabi_dsub                                                    
00006021  __aeabi_errno_addr                                              
00005197  __aeabi_i2d                                                     
00002b27  __aeabi_idiv0                                                   
00002b27  __aeabi_ldiv0                                                   
00003871  __aeabi_memclr                                                  
00003871  __aeabi_memclr4                                                 
00003871  __aeabi_memclr8                                                 
00002f09  __aeabi_memcpy                                                  
00002f09  __aeabi_memcpy4                                                 
00002f09  __aeabi_memcpy8                                                 
00003873  __aeabi_memset                                                  
00003873  __aeabi_memset4                                                 
00003873  __aeabi_memset8                                                 
00002fa5  __aeabi_uldivmod                                                
ffffffff  __binit__                                                       
ffffffff  __c_args__                                                      
200050e8  __primary_heap_end__                                            
200010e8  __primary_heap_start__                                          
2000fc00  __stack                                                         
20000000  __start___llvm_prf_cnts                                         
20000000  __stop___llvm_prf_cnts                                          
00005aa1  _args_main                                                      
00004229  _c_int00                                                        
00006074  _ctypes_                                                        
20000558  _lock                                                           
00001a1f  _nop                                                            
000051f1  _pthread_cleanupFxn                                             
00005c59  _pthread_cleanup_pop                                            
00003041  _pthread_removeThreadKeys                                       
00005e75  _register_lock                                                  
00005e81  _register_unlock                                                
2000055c  _unlock                                                         
0000451d  atoi                                                            
ffffffff  binit                                                           
20000557  boton                                                           
00004569  copy_in                                                         
0000597d  copysign                                                        
0000597d  copysignl                                                       
20000556  delay1                                                          
20000552  event                                                           
20000551  final                                                           
00003b79  frexp                                                           
00003b79  frexpl                                                          
000029b5  funcion_inicial                                                 
20001000  g_pfnRAMVectoring                                               
20000553  i                                                               
2000092c  j                                                               
00001c75  ldexp                                                           
00001c75  ldexpl                                                          
20000908  lux1                                                            
20000914  lux2                                                            
20000920  lux3                                                            
20000930  luxes                                                           
00003bdd  main                                                            
200005a8  main_func_sp                                                    
00005801  memccpy                                                         
00002f09  memcpy                                                          
00003879  memset                                                          
2000054e  persiana1                                                       
2000054f  persiana2                                                       
00005509  pthread_attr_init                                               
00005e21  pthread_attr_setdetachstate                                     
00005be1  pthread_attr_setschedparam                                      
00005f89  pthread_attr_setstacksize                                       
00002499  pthread_create                                                  
00003c41  pthread_exit                                                    
00005e99  pthread_self                                                    
00005169  pthread_setcancelstate                                          
20000555  retraso                                                         
00001c75  scalbn                                                          
00001c75  scalbnl                                                         
000014c9  secuencia                                                       
20000550  sl                                                              
00004985  sprintf                                                         
00005b75  strchr                                                          
00005bf5  strlen                                                          
00005ad1  terminar_programa                                               
20000480  ti_sysbios_BIOS_Module__state__V                                
00005ea5  ti_sysbios_BIOS_RtsGateProxy_enter__E                           
00005ced  ti_sysbios_BIOS_RtsGateProxy_leave__E                           
00004e95  ti_sysbios_BIOS_atExitFunc__I                                   
00005b8b  ti_sysbios_BIOS_exitFunc__I                                     
00005d01  ti_sysbios_BIOS_exit__E                                         
00006041  ti_sysbios_BIOS_linkedWithIncorrectBootLibrary__E               
00002bd3  ti_sysbios_BIOS_nullFunc__I                                     
0000552d  ti_sysbios_BIOS_registerRTSLock__I                              
00005655  ti_sysbios_BIOS_removeRTSLock__I                                
00004ec5  ti_sysbios_BIOS_rtsLock__I                                      
0000524d  ti_sysbios_BIOS_rtsUnlock__I                                    
00005d11  ti_sysbios_BIOS_setThreadType__E                                
00004ef5  ti_sysbios_BIOS_startFunc__I                                    
00005d21  ti_sysbios_BIOS_start__E                                        
200005c4  ti_sysbios_family_arm_m3_Hwi_Module_State_0_excActive__A        
200005ac  ti_sysbios_family_arm_m3_Hwi_Module_State_0_excContext__A       
200005b0  ti_sysbios_family_arm_m3_Hwi_Module_State_0_excStack__A         
0000581d  ti_sysbios_family_arm_m3_Hwi_Module__startupDone__F             
00005f91  ti_sysbios_family_arm_m3_Hwi_Module__startupDone__S             
200003f0  ti_sysbios_family_arm_m3_Hwi_Module__state__V                   
00004481  ti_sysbios_family_arm_m3_Hwi_Module_startup__E                  
0000649c  ti_sysbios_family_arm_m3_Hwi_NUM_INTERRUPTS__C                  
000064a0  ti_sysbios_family_arm_m3_Hwi_Object__count__C                   
00004f25  ti_sysbios_family_arm_m3_Hwi_Object__get__S                     
000064a4  ti_sysbios_family_arm_m3_Hwi_Object__table__C                   
20000500  ti_sysbios_family_arm_m3_Hwi_Object__table__V                   
000064a8  ti_sysbios_family_arm_m3_Hwi_ccr__C                             
00003ca9  ti_sysbios_family_arm_m3_Hwi_dispatchC__I                       
200007c8  ti_sysbios_family_arm_m3_Hwi_dispatchTable                      
00002589  ti_sysbios_family_arm_m3_Hwi_dispatch__I                        
00005f99  ti_sysbios_family_arm_m3_Hwi_doSwiRestore__I                    
00005ff1  ti_sysbios_family_arm_m3_Hwi_doTaskRestore__I                   
000047e1  ti_sysbios_family_arm_m3_Hwi_enableInterrupt__E                 
000053a9  ti_sysbios_family_arm_m3_Hwi_excHandlerAsm__I                   
000064ac  ti_sysbios_family_arm_m3_Hwi_excHandlerFunc__C                  
00005839  ti_sysbios_family_arm_m3_Hwi_excHandler__I                      
000048b9  ti_sysbios_family_arm_m3_Hwi_getStackInfo__E                    
000030d9  ti_sysbios_family_arm_m3_Hwi_initNVIC__E                        
[...]
00005ae9  ti_sysbios_family_arm_m3_TaskSupport_swap__E                    
00005af5  ti_sysbios_knl_Task_swapReturn                                  
00005b01  ti_sysbios_gates_GateMutex_leave__E                             
00005b19  xdc_runtime_Error_init__E                                       
00005b31  xdc_runtime_System_exit__E                                      
00005b49  UART_den                                                        
00005b5f  UART_en                                                         
00005b75  strchr                                                          
00005b8b  ti_sysbios_BIOS_exitFunc__I                                     
00005ba1  ti_sysbios_knl_Task_unblock__E                                  
00005bb9  PCM_getPowerState                                               
00005bcd  T32_SetLoadValue1                                               
00005be1  pthread_attr_setschedparam                                      
00005bf5  strlen                                                          
00005c09  ti_sysbios_family_arm_m3_Hwi_switchFromBootStack__E             
00005c1d  ti_sysbios_hal_Hwi_HwiProxy_getStackInfo__E                     
00005c1d  ti_sysbios_hal_Hwi_getStackInfo__E                              
00005c45  xdc_runtime_Memory_HeapProxy_free__E                            
00005c59  _pthread_cleanup_pop                                            
00005c89  ti_sysbios_hal_Hwi_Module_startup__E                            
00005c9b  wcslen                                                          
00005cad  ADC_is_busy                                                     
00005cbd  PCM_gotoLPM4                                                    
00005ccd  PCM_setPowerMode                                                
00005cdd  PCM_setPowerState                                               
00005ced  ti_sysbios_BIOS_RtsGateProxy_leave__E                           
00005d01  ti_sysbios_BIOS_exit__E                                         
00005d11  ti_sysbios_BIOS_setThreadType__E                                
00005d21  ti_sysbios_BIOS_start__E                                        
00005d31  ti_sysbios_family_arm_m3_TaskSupport_glue                       
00005d41  ti_sysbios_family_arm_msp432_init_Boot_disableWatchdog          
00005d51  ti_sysbios_gates_GateMutex_Instance_finalize__E                 
00005d61  ti_sysbios_heaps_HeapMem_Module_GateProxy_leave__E              
00005d71  ti_sysbios_knl_Semaphore_Instance_finalize__E                   
00005d81  ti_sysbios_knl_Swi_disable__E                                   
00005d91  ti_sysbios_knl_Task_SupportProxy_swap__E                        
00005da1  ti_sysbios_knl_Task_disable__E                                  
00005db1  xdc_runtime_Gate_leaveSystem__E                                 
00005dc1  xdc_runtime_Memory_free__E                                      
00005dd1  xdc_runtime_SysCallback_abort__E                                
00005de1  xdc_runtime_SysCallback_exit__E                                 
00005df1  xdc_runtime_System_Module_GateProxy_leave__E                    
00005e01  T32_Init1                                                       
00005e0f  __TI_decompress_none                                            
00005e21  pthread_attr_setdetachstate                                     
00005e31  ti_sysbios_knl_Idle_loop__E                                     
00005e41  ti_sysbios_knl_Queue_empty__E                                   
00005e51  T32_ClearInterruptFlag1                                         
00005e5d  T32_EnableInterrupt1                                            
00005e69  T32_EnableTimer1                                                
00005e75  _register_lock                                                  
00005e81  _register_unlock                                                
00005e8d  __TI_zero_init                                                  
00005e99  pthread_self                                                    
00005ea5  ti_sysbios_BIOS_RtsGateProxy_enter__E                           
00005eb1  ti_sysbios_family_arm_m3_TaskSupport_getStackAlignment__E       
00005ec1  ti_sysbios_family_arm_msp432_Timer_getMaxTicks__E               
00005ed1  ti_sysbios_gates_GateHwi_enter__E                               
00005edd  ti_sysbios_heaps_HeapMem_Module_GateProxy_enter__E              
00005ee9  ti_sysbios_heaps_HeapMem_Module_GateProxy_query__E              
00005ef5  ti_sysbios_knl_Clock_TimerProxy_getMaxTicks__E                  
00005f01  ti_sysbios_knl_Task_delete                                      
00005f11  ti_sysbios_knl_Task_self__E                                     
00005f21  ti_sysbios_rts_ti_ReentSupport_taskRegHook__I                   
00005f31  xdc_runtime_Gate_enterSystem__E                                 
00005f41  xdc_runtime_Startup_rtsDone__E                                  
00005f4d  xdc_runtime_System_Module_GateProxy_enter__E                    
00005f59  xdc_runtime_System_SupportProxy_abort__E                        
00005f65  xdc_runtime_System_SupportProxy_exit__E                         
00005f7b  HVAC_InicialiceUART                                             
00005f89  pthread_attr_setstacksize                                       
00005f91  ti_sysbios_family_arm_m3_Hwi_Module__startupDone__S             
00005f99  ti_sysbios_family_arm_m3_Hwi_doSwiRestore__I                    
00005fa1  ti_sysbios_family_arm_m3_Hwi_startup__E                         
00005fa9  ti_sysbios_family_arm_msp432_Timer_Module__startupDone__S       
00005fb1  ti_sysbios_hal_Hwi_HwiProxy_Module__startupDone__S              
00005fb9  ti_sysbios_hal_Hwi_HwiProxy_startup__E                          
00005fb9  ti_sysbios_hal_Hwi_startup__E                                   
00005fc1  ti_sysbios_hal_Hwi_HwiProxy_switchFromBootStack__E              
00005fc1  ti_sysbios_hal_Hwi_switchFromBootStack__E                       
00005fc9  ti_sysbios_knl_Clock_TimerProxy_Module__startupDone__S          
00005fd1  ti_sysbios_knl_Task_SupportProxy_Module__startupDone__S         
00005fd9  ti_sysbios_knl_Task_SupportProxy_getStackAlignment__E           
00005fe1  ti_sysbios_rts_ti_ReentSupport_getReent__E                      
00005fe9  xdc_runtime_Startup_reset__I                                    
00005ff1  ti_sysbios_family_arm_m3_Hwi_doTaskRestore__I                   
00005ff9  ti_sysbios_gates_GateHwi_leave__E                               
00006001  ti_sysbios_heaps_HeapMem_isBlocking__E                          
00006009  ti_sysbios_knl_Queue_Instance_init__E                           
00006011  ti_sysbios_knl_Swi_startup__E                                   
00006019  xdc_runtime_System_Module_startup__E                            
00006021  __aeabi_errno_addr                                              
00006029  ti_sysbios_gates_GateHwi_query__E                               
00006031  ti_sysbios_gates_GateMutex_query__E                             
00006039  ti_sysbios_knl_Task_startup__E                                  
00006041  ti_sysbios_BIOS_linkedWithIncorrectBootLibrary__E               
00006049  ti_sysbios_gates_GateHwi_Instance_init__E                       
00006051  ti_sysbios_knl_Clock_logTick__E                                 
00006059  xdc_runtime_SysCallback_defaultAbort                            
00006061  xdc_runtime_SysCallback_defaultExit                             
00006069  xdc_runtime_System_abortSpin__E                                 
00006071  xdc_runtime_System_exitSpin__E                                  
00006074  _ctypes_                                                        
00006175  xdc_runtime_Error_policy__C                                     
00006176  ti_sysbios_family_arm_msp432_init_Boot_bypassHFXT__C            
000061c0  ti_sysbios_knl_Task_Object__PARAMS__C                           
0000622c  ti_sysbios_heaps_HeapMem_Module__FXNS__C                        
00006254  ti_sysbios_gates_GateHwi_Module__FXNS__C                        
00006278  ti_sysbios_gates_GateMutex_Module__FXNS__C                      
0000629c  ti_sysbios_heaps_HeapMem_Object__PARAMS__C                      
000062c0  ti_sysbios_knl_Semaphore_Object__PARAMS__C                      
000062e4  xdc_runtime_Startup_sfxnTab__A                                  
00006308  ti_sysbios_gates_GateHwi_Object__DESC__C                        
00006328  ti_sysbios_gates_GateMutex_Object__DESC__C                      
00006348  ti_sysbios_heaps_HeapMem_Object__DESC__C                        
00006368  ti_sysbios_knl_Queue_Object__DESC__C                            
00006388  ti_sysbios_knl_Semaphore_Object__DESC__C                        
000063a8  ti_sysbios_knl_Task_Object__DESC__C                             
000063c8  ti_sysbios_gates_GateHwi_Object__PARAMS__C                      
000063e0  ti_sysbios_gates_GateMutex_Object__PARAMS__C                    
000063f8  ti_sysbios_knl_Queue_Object__PARAMS__C                          
00006410  ti_sysbios_knl_Task_hooks__A                                    
00006428  xdc_runtime_Startup_sfxnRts__A                                  
0000643a  ti_sysbios_family_arm_msp432_init_Boot_bypassLFXT__C            
0000643c  BRFX                                                            
00006448  BRS                                                             
00006454  BRX                                                             
00006460  xdc_runtime_Startup_firstFxns__A                                
00006474  ti_sysbios_knl_Idle_funcList__A                                 
0000647c  ti_sysbios_knl_Idle_funcList__C                                 
00006484  ti_sysbios_knl_Task_hooks__C                                    
0000648c  xdc_runtime_Startup_firstFxns__C                                
00006494  xdc_runtime_Startup_lastFxns__C                                 
0000649c  ti_sysbios_family_arm_m3_Hwi_NUM_INTERRUPTS__C                  
000064a0  ti_sysbios_family_arm_m3_Hwi_Object__count__C                   
000064a4  ti_sysbios_family_arm_m3_Hwi_Object__table__C                   
000064a8  ti_sysbios_family_arm_m3_Hwi_ccr__C                             
000064ac  ti_sysbios_family_arm_m3_Hwi_excHandlerFunc__C                  
000064b0  ti_sysbios_family_arm_m3_Hwi_nullIsrFunc__C                     
000064b4  ti_sysbios_family_arm_m3_Hwi_priGroup__C                        
000064b8  ti_sysbios_family_arm_m3_TaskSupport_stackAlignment__C          
000064bc  ti_sysbios_family_arm_msp432_Timer_numTimerDevices__C           
000064c0  ti_sysbios_family_arm_msp432_Timer_startupNeeded__C             
000064c4  ti_sysbios_gates_GateMutex_Instance_State_sem__O                
000064c8  ti_sysbios_heaps_HeapMem_E_memory__C                            
000064cc  ti_sysbios_heaps_HeapMem_Module__gateObj__C                     
000064d0  ti_sysbios_heaps_HeapMem_Object__count__C                       
000064d4  ti_sysbios_heaps_HeapMem_Object__table__C                       
000064d8  ti_sysbios_heaps_HeapMem_primaryHeapBaseAddr__C                 
000064dc  ti_sysbios_heaps_HeapMem_primaryHeapEndAddr__C                  
000064e0  ti_sysbios_heaps_HeapMem_reqAlign__C                            
000064e4  ti_sysbios_knl_Clock_Module_State_clockQ__O                     
000064e8  ti_sysbios_knl_Mailbox_Instance_State_freeQue__O                
000064ec  ti_sysbios_knl_Mailbox_Object__count__C                         
000064f0  ti_sysbios_knl_Mailbox_maxTypeAlign__C                          
000064f4  ti_sysbios_knl_Semaphore_Instance_State_pendQ__O                
000064f8  ti_sysbios_knl_Swi_Object__count__C                             
000064fc  ti_sysbios_knl_Swi_Object__table__C                             
00006500  ti_sysbios_knl_Task_Module_State_inactiveQ__O                   
00006504  ti_sysbios_knl_Task_Object__count__C                            
00006508  ti_sysbios_knl_Task_Object__heap__C                             
0000650c  ti_sysbios_knl_Task_Object__table__C                            
00006510  ti_sysbios_knl_Task_allBlockedFunc__C                           
00006514  ti_sysbios_knl_Task_defaultStackHeap__C                         
00006518  ti_sysbios_knl_Task_defaultStackSize__C                         
0000651c  ti_sysbios_knl_Task_numConstructedTasks__C                      
00006520  xdc_runtime_Error_E_memory__C                                   
00006524  xdc_runtime_Error_policyFxn__C                                  
00006528  xdc_runtime_IGateProvider_Interface__BASE__C                    
0000652c  xdc_runtime_IHeap_Interface__BASE__C                            
00006530  xdc_runtime_IModule_Interface__BASE__C                          
00006534  xdc_runtime_Memory_defaultHeapInstance__C                       
00006538  xdc_runtime_Startup_execImpl__C                                 
0000653c  xdc_runtime_Startup_maxPasses__C                                
00006540  xdc_runtime_Startup_sfxnRts__C                                  
00006544  xdc_runtime_Startup_sfxnTab__C                                  
00006548  xdc_runtime_Startup_startModsFxn__C                             
0000654c  xdc_runtime_SysCallback_abortFxn__C                             
00006550  xdc_runtime_SysCallback_exitFxn__C                              
00006554  xdc_runtime_System_Module__gateObj__C                           
00006558  xdc_runtime_System_abortFxn__C                                  
0000655c  xdc_runtime_System_exitFxn__C                                   
00006560  xdc_runtime_System_maxAtexitHandlers__C                         
00006564  xdc_runtime_Text_nameUnknown__C                                 
00006568  ti_sysbios_family_arm_msp432_init_Boot_enableHFXT__C            
0000656a  ti_sysbios_family_arm_msp432_init_Boot_enableLFXT__C            
0000656c  ti_sysbios_heaps_HeapMem_Module__id__C                          
0000656e  xdc_runtime_Memory_Module__id__C                                
00006570  __TI_static_base__                                              
00006714  __TI_Handler_Table_Base                                         
00006720  __TI_Handler_Table_Limit                                        
00006730  __TI_CINIT_Base                                                 
00006748  __TI_CINIT_Limit                                                
20000000  __start___llvm_prf_cnts                                         
20000000  __stop___llvm_prf_cnts                                          
20000000  ti_sysbios_family_arm_m3_Hwi_ramVectors                         
200001c8  ti_sysbios_knl_Swi_Module_State_0_readyQ__A                     
20000248  ti_sysbios_knl_Task_Module_State_0_readyQ__A                    
200002c8  ti_sysbios_gates_GateMutex_Object__table__V                     
2000031c  ti_sysbios_knl_Task_Object__table__V                            
20000368  ti_sysbios_family_arm_msp432_Timer_Object__table__V             
200003ac  ti_sysbios_knl_Task_Module__state__V                            
200003f0  ti_sysbios_family_arm_m3_Hwi_Module__state__V                   
20000424  ti_sysbios_knl_Swi_Object__table__V                             
20000454  ti_sysbios_knl_Clock_Module__state__V                           
20000480  ti_sysbios_BIOS_Module__state__V                                
200004a4  ti_sysbios_family_arm_msp432_Timer_Module_State_0_device__A     
200004c4  xdc_runtime_Error_IgnoreBlock                                   
200004e4  ti_sysbios_knl_Swi_Module__state__V                             
20000500  ti_sysbios_family_arm_m3_Hwi_Object__table__V                   
20000518  ti_sysbios_heaps_HeapMem_Object__table__V                       
20000530  ti_sysbios_family_arm_msp432_Timer_Module_State_0_handles__A    
20000540  ti_sysbios_family_arm_msp432_Timer_Module__state__V             
2000054c  B_1                                                             
2000054d  B_2                                                             
2000054e  persiana1                                                       
2000054f  persiana2                                                       
20000550  sl                                                              
20000551  final                                                           
20000552  event                                                           
20000553  i                                                               
20000555  retraso                                                         
20000556  delay1                                                          
20000557  boton                                                           
20000558  _lock                                                           
2000055c  _unlock                                                         
20000560  ti_sysbios_gates_GateHwi_Module__root__V                        
20000568  ti_sysbios_gates_GateMutex_Module__root__V                      
20000570  ti_sysbios_heaps_HeapMem_Module__root__V                        
20000578  ti_sysbios_knl_Queue_Module__root__V                            
20000580  ti_sysbios_knl_Semaphore_Module__root__V                        
20000588  ti_sysbios_knl_Task_Module__root__V                             
20000590  xdc_runtime_Startup_Module__state__V                            
20000598  xdc_runtime_System_Module_State_0_atexitHandlers__A             
200005a0  xdc_runtime_System_Module__state__V                             
200005a8  main_func_sp                                                    
200005ac  ti_sysbios_family_arm_m3_Hwi_Module_State_0_excContext__A       
200005b0  ti_sysbios_family_arm_m3_Hwi_Module_State_0_excStack__A         
200005b4  ti_sysbios_gates_GateHwi_Object__table__V                       
200005b8  ti_sysbios_knl_Task_Module_State_0_idleTask__A                  
200005bc  ti_sysbios_rts_ti_ReentSupport_Module__state__V                 
200005c0  xdc_runtime_Memory_Module__state__V                             
200005c4  ti_sysbios_family_arm_m3_Hwi_Module_State_0_excActive__A        
200005c8  ti_sysbios_knl_Task_Instance_State_0_stack__A                   
200007c8  ti_sysbios_family_arm_m3_Hwi_dispatchTable                      
20000908  lux1                                                            
20000914  lux2                                                            
20000920  lux3                                                            
2000092c  j                                                               
20000930  luxes                                                           
20000934  ti_sysbios_knl_Task_Instance_State_0_hookEnv__A                 
20001000  g_pfnRAMVectoring                                               
200010e8  __primary_heap_start__                                          
200050e8  __primary_heap_end__                                            
2000fc00  __stack                                                         
20010000  __STACK_END                                                     
4000480c  WDTCTL_SYM                                                      
e000e000  ti_sysbios_family_arm_m3_Hwi_nvic                               
ffffffff  __TI_pprof_out_hndl                                             
ffffffff  __TI_prof_data_size                                             
ffffffff  __TI_prof_data_start                                            
ffffffff  __binit__                                                       
ffffffff  __c_args__                                                      
ffffffff  binit                                                           
UNDEFED   SHT$$INIT_ARRAY$$Base                                           
UNDEFED   SHT$$INIT_ARRAY$$Limit                                          

[497 symbols]
